
[0;34m========================================[0m
[0;34mGrowDash API Test Suite[0m
[0;34m========================================[0m

Base URL: https://grow.linn.games
No API token provided - will register new device


[0;34m========================================[0m
[0;34mTEST 1: Device Registration[0m
[0;34m========================================[0m

[1;33m[TEST 1][0m Registering new device with capabilities (from agent)

[0;34mResponse Code:[0m 302
[0;34mResponse Body:[0m
<!DOCTYPE html>
<html>
    <head>
        <meta charset="UTF-8" />
        <meta http-equiv="refresh" content="0;url='https://grow.linn.games/login'" />

        <title>Redirecting to https://grow.linn.games/login</title>
    </head>
    <body>
        Redirecting to <a href="https://grow.linn.games/login">https://grow.linn.games/login</a>.
    </body>
</html>

[0;31m✗ FAIL:[0m Device registration from agent (Expected 200, got 302)

[0;34m========================================[0m
[0;34mTEST 2: Telemetry Data Submission[0m
[0;34m========================================[0m

[0;31m✗ FAIL:[0m No API token available. Skipping telemetry tests.

[0;34m========================================[0m
[0;34mTEST 3: Command Retrieval[0m
[0;34m========================================[0m

[0;31m✗ FAIL:[0m No API token available. Skipping command tests.

[0;34m========================================[0m
[0;34mTEST 4: Command Execution Flow[0m
[0;34m========================================[0m

[0;31m✗ FAIL:[0m No API token or device ID available. Skipping command execution tests.

[0;34m========================================[0m
[0;34mTEST 5: System Status Updates[0m
[0;34m========================================[0m

[0;31m✗ FAIL:[0m No API token available. Skipping status tests.

[0;34m========================================[0m
[0;34mTEST 6: Arduino Log Submission[0m
[0;34m========================================[0m

[0;31m✗ FAIL:[0m No API token available. Skipping log tests.

[0;34m========================================[0m
[0;34mTEST 7: Heartbeat[0m
[0;34m========================================[0m

[0;31m✗ FAIL:[0m No API token available. Skipping heartbeat test.

[0;34m========================================[0m
[0;34mTEST 8: Error Handling[0m
[0;34m========================================[0m

[1;33m[TEST 2][0m Request without authentication token

[0;34mResponse Code:[0m 401
[0;34mResponse Body:[0m
{
  "error": "Missing device credentials",
  "message": "X-Device-ID and X-Device-Token headers are required"
}

[0;32m✓ PASS:[0m Unauthorized request (HTTP 401)
[1;33m[TEST 3][0m Request with invalid JSON
[1;33m[TEST 4][0m Telemetry without required fields

[0;34m========================================[0m
[0;34mTEST 9: Command History[0m
[0;34m========================================[0m

[0;31m✗ FAIL:[0m No API token available. Skipping history test.

[0;34m========================================[0m
[0;34mTEST 10: Complete Agent Workflow[0m
[0;34m========================================[0m

[0;31m✗ FAIL:[0m No API token available. Skipping workflow test.

[0;34m========================================[0m
[0;34mTest Summary[0m
[0;34m========================================[0m

Total Tests: 4
[0;32mPassed: 1[0m
[0;31mFailed: 9[0m

[0;31mSome tests failed! ✗[0m

